---
source: crates/bpl/tests/test.rs
expression: snapshot_report
---
[Parsed]
[
    Proc(
        ProcDecl {
            proc_sign: ProcSign {
                attrs: [
                    Attr(
                        AttrContent {
                            ident: "checksum",
                            params: [
                                String(
                                    StringLit {
                                        text: "0",
                                    },
                                ),
                            ],
                        },
                    ),
                ],
                ident: "M",
                type_params: [],
                var_params: [],
                returns: [],
            },
            specs: [],
            impl_body: None,
        },
    ),
    Impl(
        ImplDecl {
            proc_sign: ProcSign {
                attrs: [
                    Attr(
                        AttrContent {
                            ident: "id",
                            params: [
                                String(
                                    StringLit {
                                        text: "M",
                                    },
                                ),
                            ],
                        },
                    ),
                    Attr(
                        AttrContent {
                            ident: "checksum",
                            params: [
                                String(
                                    StringLit {
                                        text: "1",
                                    },
                                ),
                            ],
                        },
                    ),
                ],
                ident: "M",
                type_params: [],
                var_params: [],
                returns: [],
            },
            impl_body: ImplBody {
                local_vars: [],
                stmt_list: [
                    StructuredCmd(
                        If(
                            IfCmd {
                                guard: Asterisk,
                                then: [
                                    LabelOrCmd(
                                        Claim(
                                            ClaimCmd {
                                                kind: Assert,
                                                attrs: [
                                                    Attr(
                                                        AttrContent {
                                                            ident: "subsumption",
                                                            params: [
                                                                Expr(
                                                                    Nat(
                                                                        "0",
                                                                    ),
                                                                ),
                                                            ],
                                                        },
                                                    ),
                                                ],
                                                proposition: Rel(
                                                    RelExpr {
                                                        lhs: Nat(
                                                            "1",
                                                        ),
                                                        op: Neq,
                                                        rhs: Nat(
                                                            "1",
                                                        ),
                                                    },
                                                ),
                                            },
                                        ),
                                    ),
                                ],
                                else_: Some(
                                    ElseIf(
                                        IfCmd {
                                            guard: Asterisk,
                                            then: [
                                                LabelOrCmd(
                                                    Claim(
                                                        ClaimCmd {
                                                            kind: Assert,
                                                            attrs: [
                                                                Attr(
                                                                    AttrContent {
                                                                        ident: "subsumption",
                                                                        params: [
                                                                            Expr(
                                                                                Nat(
                                                                                    "1",
                                                                                ),
                                                                            ),
                                                                        ],
                                                                    },
                                                                ),
                                                            ],
                                                            proposition: Rel(
                                                                RelExpr {
                                                                    lhs: Nat(
                                                                        "5",
                                                                    ),
                                                                    op: Neq,
                                                                    rhs: Nat(
                                                                        "5",
                                                                    ),
                                                                },
                                                            ),
                                                        },
                                                    ),
                                                ),
                                            ],
                                            else_: Some(
                                                ElseIf(
                                                    IfCmd {
                                                        guard: Asterisk,
                                                        then: [
                                                            LabelOrCmd(
                                                                Claim(
                                                                    ClaimCmd {
                                                                        kind: Assert,
                                                                        attrs: [
                                                                            Attr(
                                                                                AttrContent {
                                                                                    ident: "subsumption",
                                                                                    params: [
                                                                                        Expr(
                                                                                            Nat(
                                                                                                "2",
                                                                                            ),
                                                                                        ),
                                                                                    ],
                                                                                },
                                                                            ),
                                                                        ],
                                                                        proposition: Rel(
                                                                            RelExpr {
                                                                                lhs: Nat(
                                                                                    "6",
                                                                                ),
                                                                                op: Neq,
                                                                                rhs: Nat(
                                                                                    "6",
                                                                                ),
                                                                            },
                                                                        ),
                                                                    },
                                                                ),
                                                            ),
                                                        ],
                                                        else_: Some(
                                                            Else(
                                                                [
                                                                    LabelOrCmd(
                                                                        Claim(
                                                                            ClaimCmd {
                                                                                kind: Assert,
                                                                                attrs: [
                                                                                    Attr(
                                                                                        AttrContent {
                                                                                            ident: "subsumption",
                                                                                            params: [
                                                                                                Expr(
                                                                                                    Nat(
                                                                                                        "1",
                                                                                                    ),
                                                                                                ),
                                                                                            ],
                                                                                        },
                                                                                    ),
                                                                                ],
                                                                                proposition: Rel(
                                                                                    RelExpr {
                                                                                        lhs: Nat(
                                                                                            "2",
                                                                                        ),
                                                                                        op: Eq,
                                                                                        rhs: Nat(
                                                                                            "2",
                                                                                        ),
                                                                                    },
                                                                                ),
                                                                            },
                                                                        ),
                                                                    ),
                                                                    LabelOrCmd(
                                                                        Claim(
                                                                            ClaimCmd {
                                                                                kind: Assert,
                                                                                attrs: [
                                                                                    Attr(
                                                                                        AttrContent {
                                                                                            ident: "subsumption",
                                                                                            params: [
                                                                                                Expr(
                                                                                                    Nat(
                                                                                                        "2",
                                                                                                    ),
                                                                                                ),
                                                                                            ],
                                                                                        },
                                                                                    ),
                                                                                ],
                                                                                proposition: Rel(
                                                                                    RelExpr {
                                                                                        lhs: Nat(
                                                                                            "4",
                                                                                        ),
                                                                                        op: Eq,
                                                                                        rhs: Nat(
                                                                                            "4",
                                                                                        ),
                                                                                    },
                                                                                ),
                                                                            },
                                                                        ),
                                                                    ),
                                                                    LabelOrCmd(
                                                                        Claim(
                                                                            ClaimCmd {
                                                                                kind: Assert,
                                                                                attrs: [],
                                                                                proposition: Rel(
                                                                                    RelExpr {
                                                                                        lhs: Nat(
                                                                                            "5",
                                                                                        ),
                                                                                        op: Eq,
                                                                                        rhs: Nat(
                                                                                            "5",
                                                                                        ),
                                                                                    },
                                                                                ),
                                                                            },
                                                                        ),
                                                                    ),
                                                                ],
                                                            ),
                                                        ),
                                                    },
                                                ),
                                            ),
                                        },
                                    ),
                                ),
                            },
                        ),
                    ),
                    LabelOrCmd(
                        Claim(
                            ClaimCmd {
                                kind: Assert,
                                attrs: [
                                    Attr(
                                        AttrContent {
                                            ident: "subsumption",
                                            params: [
                                                Expr(
                                                    Nat(
                                                        "0",
                                                    ),
                                                ),
                                            ],
                                        },
                                    ),
                                ],
                                proposition: Rel(
                                    RelExpr {
                                        lhs: Nat(
                                            "3",
                                        ),
                                        op: Eq,
                                        rhs: Nat(
                                            "3",
                                        ),
                                    },
                                ),
                            },
                        ),
                    ),
                ],
            },
        },
    ),
]

[Printed]
procedure {:checksum "0"} M();

implementation {:id "M"} {:checksum "1"} M() {
  if (*) {
    assert {:subsumption 0} 1 != 1;
  } else if (*) {
    assert {:subsumption 1} 5 != 5;
  } else if (*) {
    assert {:subsumption 2} 6 != 6;
  } else {
    assert {:subsumption 1} 2 == 2;
    assert {:subsumption 2} 4 == 4;
    assert 5 == 5;
  }
  assert {:subsumption 0} 3 == 3;
}

[Input - ../../vendor/boogie/Test/snapshots/Snapshots24.v0.bpl]
procedure {:checksum "0"} M();

implementation {:id "M"} {:checksum "1"} M()
{
    if (*)
    {
        assert {:subsumption 0} 1 != 1;  // error
    }
    else if (*)
    {
        assert {:subsumption 1} 5 != 5;  // error
    }
    else if (*)
    {
        assert {:subsumption 2} 6 != 6;  // error
    }
    else
    {
        assert {:subsumption 1} 2 == 2;
        assert {:subsumption 2} 4 == 4;
        assert 5 == 5;
    }

    assert {:subsumption 0} 3 == 3;
}
