---
source: crates/bpl/tests/test.rs
expression: snapshot_report
---
[Parsed]
[
    Var(
        VarDecl {
            attrs: [
                Attr(
                    AttrContent {
                        ident: "layer",
                        params: [
                            Expr(
                                Nat(
                                    "0",
                                ),
                            ),
                            Expr(
                                Nat(
                                    "1",
                                ),
                            ),
                        ],
                    },
                ),
            ],
            vars: [
                TypedIdentsWhere {
                    typed_idents: TypedIdents {
                        idents: [
                            "x",
                        ],
                        type_: Atom(
                            Int,
                        ),
                    },
                    where_: None,
                },
            ],
        },
    ),
    Proc(
        ProcDecl {
            proc_sign: ProcSign {
                attrs: [
                    Attr(
                        AttrContent {
                            ident: "yield_invariant",
                            params: [],
                        },
                    ),
                    Attr(
                        AttrContent {
                            ident: "layer",
                            params: [
                                Expr(
                                    Nat(
                                        "1",
                                    ),
                                ),
                            ],
                        },
                    ),
                ],
                ident: "Inv",
                type_params: [],
                var_params: [],
                returns: [],
            },
            specs: [
                Contract(
                    ContractSpec {
                        kind: Requires,
                        attrs: [],
                        proposition: Rel(
                            RelExpr {
                                lhs: Var(
                                    "x",
                                ),
                                op: Ge,
                                rhs: Nat(
                                    "0",
                                ),
                            },
                        ),
                        is_free: false,
                    },
                ),
            ],
            impl_body: None,
        },
    ),
    Proc(
        ProcDecl {
            proc_sign: ProcSign {
                attrs: [
                    Attr(
                        AttrContent {
                            ident: "yields",
                            params: [],
                        },
                    ),
                    Attr(
                        AttrContent {
                            ident: "layer",
                            params: [
                                Expr(
                                    Nat(
                                        "1",
                                    ),
                                ),
                            ],
                        },
                    ),
                    Attr(
                        AttrContent {
                            ident: "yield_requires",
                            params: [
                                String(
                                    StringLit {
                                        text: "Inv",
                                    },
                                ),
                            ],
                        },
                    ),
                ],
                ident: "main",
                type_params: [],
                var_params: [],
                returns: [],
            },
            specs: [],
            impl_body: Some(
                ImplBody {
                    local_vars: [],
                    stmt_list: [
                        StructuredCmd(
                            While(
                                WhileCmd {
                                    guard: Asterisk,
                                    invariants: [
                                        Invariant {
                                            attrs: [
                                                Attr(
                                                    AttrContent {
                                                        ident: "yields",
                                                        params: [],
                                                    },
                                                ),
                                                Attr(
                                                    AttrContent {
                                                        ident: "layer",
                                                        params: [
                                                            Expr(
                                                                Nat(
                                                                    "1",
                                                                ),
                                                            ),
                                                        ],
                                                    },
                                                ),
                                                Attr(
                                                    AttrContent {
                                                        ident: "yield_loop",
                                                        params: [
                                                            String(
                                                                StringLit {
                                                                    text: "Inv",
                                                                },
                                                            ),
                                                        ],
                                                    },
                                                ),
                                            ],
                                            expr: BoolLit(
                                                true,
                                            ),
                                            is_free: false,
                                        },
                                    ],
                                    body: [
                                        LabelOrCmd(
                                            Call(
                                                CallCmd {
                                                    attrs: [],
                                                    call_params: CallParams {
                                                        returns: [],
                                                        target: "incdec",
                                                        params: [],
                                                    },
                                                    is_async: true,
                                                    is_free: false,
                                                },
                                            ),
                                        ),
                                    ],
                                },
                            ),
                        ),
                    ],
                },
            ),
        },
    ),
    Proc(
        ProcDecl {
            proc_sign: ProcSign {
                attrs: [
                    Attr(
                        AttrContent {
                            ident: "yields",
                            params: [],
                        },
                    ),
                    Attr(
                        AttrContent {
                            ident: "layer",
                            params: [
                                Expr(
                                    Nat(
                                        "1",
                                    ),
                                ),
                            ],
                        },
                    ),
                    Attr(
                        AttrContent {
                            ident: "yield_preserves",
                            params: [
                                String(
                                    StringLit {
                                        text: "Inv",
                                    },
                                ),
                            ],
                        },
                    ),
                ],
                ident: "incdec",
                type_params: [],
                var_params: [],
                returns: [],
            },
            specs: [],
            impl_body: Some(
                ImplBody {
                    local_vars: [],
                    stmt_list: [
                        LabelOrCmd(
                            Call(
                                CallCmd {
                                    attrs: [],
                                    call_params: CallParams {
                                        returns: [],
                                        target: "geq0_inc",
                                        params: [],
                                    },
                                    is_async: false,
                                    is_free: false,
                                },
                            ),
                        ),
                        LabelOrCmd(
                            Call(
                                CallCmd {
                                    attrs: [],
                                    call_params: CallParams {
                                        returns: [],
                                        target: "geq0_dec",
                                        params: [],
                                    },
                                    is_async: false,
                                    is_free: false,
                                },
                            ),
                        ),
                    ],
                },
            ),
        },
    ),
    Proc(
        ProcDecl {
            proc_sign: ProcSign {
                attrs: [
                    Attr(
                        AttrContent {
                            ident: "right",
                            params: [],
                        },
                    ),
                    Attr(
                        AttrContent {
                            ident: "layer",
                            params: [
                                Expr(
                                    Nat(
                                        "1",
                                    ),
                                ),
                            ],
                        },
                    ),
                ],
                ident: "GEQ0_INC",
                type_params: [],
                var_params: [],
                returns: [],
            },
            specs: [
                Modifies(
                    ModifiesSpec {
                        vars: [
                            "x",
                        ],
                    },
                ),
            ],
            impl_body: Some(
                ImplBody {
                    local_vars: [],
                    stmt_list: [
                        LabelOrCmd(
                            Claim(
                                ClaimCmd {
                                    kind: Assert,
                                    attrs: [],
                                    proposition: Rel(
                                        RelExpr {
                                            lhs: Var(
                                                "x",
                                            ),
                                            op: Ge,
                                            rhs: Nat(
                                                "0",
                                            ),
                                        },
                                    ),
                                },
                            ),
                        ),
                        LabelOrCmd(
                            Assign(
                                AssignCmd {
                                    lhs: [
                                        AssignLhs {
                                            ident: "x",
                                            subscripts: [],
                                        },
                                    ],
                                    rhs: [
                                        Term(
                                            Term {
                                                lhs: Var(
                                                    "x",
                                                ),
                                                op: Add,
                                                rhs: Nat(
                                                    "1",
                                                ),
                                            },
                                        ),
                                    ],
                                },
                            ),
                        ),
                    ],
                },
            ),
        },
    ),
    Proc(
        ProcDecl {
            proc_sign: ProcSign {
                attrs: [
                    Attr(
                        AttrContent {
                            ident: "atomic",
                            params: [],
                        },
                    ),
                    Attr(
                        AttrContent {
                            ident: "layer",
                            params: [
                                Expr(
                                    Nat(
                                        "1",
                                    ),
                                ),
                            ],
                        },
                    ),
                ],
                ident: "GEQ0_DEC",
                type_params: [],
                var_params: [],
                returns: [],
            },
            specs: [
                Modifies(
                    ModifiesSpec {
                        vars: [
                            "x",
                        ],
                    },
                ),
            ],
            impl_body: Some(
                ImplBody {
                    local_vars: [],
                    stmt_list: [
                        LabelOrCmd(
                            Claim(
                                ClaimCmd {
                                    kind: Assert,
                                    attrs: [],
                                    proposition: Rel(
                                        RelExpr {
                                            lhs: Var(
                                                "x",
                                            ),
                                            op: Ge,
                                            rhs: Nat(
                                                "0",
                                            ),
                                        },
                                    ),
                                },
                            ),
                        ),
                        LabelOrCmd(
                            Assign(
                                AssignCmd {
                                    lhs: [
                                        AssignLhs {
                                            ident: "x",
                                            subscripts: [],
                                        },
                                    ],
                                    rhs: [
                                        Term(
                                            Term {
                                                lhs: Var(
                                                    "x",
                                                ),
                                                op: Sub,
                                                rhs: Nat(
                                                    "1",
                                                ),
                                            },
                                        ),
                                    ],
                                },
                            ),
                        ),
                    ],
                },
            ),
        },
    ),
    Proc(
        ProcDecl {
            proc_sign: ProcSign {
                attrs: [
                    Attr(
                        AttrContent {
                            ident: "yields",
                            params: [],
                        },
                    ),
                    Attr(
                        AttrContent {
                            ident: "layer",
                            params: [
                                Expr(
                                    Nat(
                                        "0",
                                    ),
                                ),
                            ],
                        },
                    ),
                    Attr(
                        AttrContent {
                            ident: "refines",
                            params: [
                                String(
                                    StringLit {
                                        text: "GEQ0_INC",
                                    },
                                ),
                            ],
                        },
                    ),
                ],
                ident: "geq0_inc",
                type_params: [],
                var_params: [],
                returns: [],
            },
            specs: [],
            impl_body: None,
        },
    ),
    Proc(
        ProcDecl {
            proc_sign: ProcSign {
                attrs: [
                    Attr(
                        AttrContent {
                            ident: "yields",
                            params: [],
                        },
                    ),
                    Attr(
                        AttrContent {
                            ident: "layer",
                            params: [
                                Expr(
                                    Nat(
                                        "0",
                                    ),
                                ),
                            ],
                        },
                    ),
                    Attr(
                        AttrContent {
                            ident: "refines",
                            params: [
                                String(
                                    StringLit {
                                        text: "GEQ0_DEC",
                                    },
                                ),
                            ],
                        },
                    ),
                ],
                ident: "geq0_dec",
                type_params: [],
                var_params: [],
                returns: [],
            },
            specs: [],
            impl_body: None,
        },
    ),
]

[Printed]
var {:layer 0, 1} x: int;

procedure {:yield_invariant} {:layer 1} Inv();
  requires x >= 0;

procedure {:yields} {:layer 1} {:yield_requires "Inv"} main() {
  while (*)
    invariant {:yields} {:layer 1} {:yield_loop "Inv"} true;
  {
    async call incdec();
  }
}

procedure {:yields} {:layer 1} {:yield_preserves "Inv"} incdec() {
  call geq0_inc();
  call geq0_dec();
}

procedure {:right} {:layer 1} GEQ0_INC()
  modifies x;
{
  assert x >= 0;
  x := x + 1;
}

procedure {:atomic} {:layer 1} GEQ0_DEC()
  modifies x;
{
  assert x >= 0;
  x := x - 1;
}

procedure {:yields} {:layer 0} {:refines "GEQ0_INC"} geq0_inc();

procedure {:yields} {:layer 0} {:refines "GEQ0_DEC"} geq0_dec();

[Input - ../../vendor/boogie/Test/civl/podelski/x.bpl]
// RUN: %boogie "%s" > "%t"
// RUN: %diff "%s.expect" "%t"

var {:layer 0,1} x:int;

procedure {:yield_invariant}{:layer 1} Inv ();
requires x >= 0;

procedure {:yields}{:layer 1}
{:yield_requires "Inv"}
main ()
{
  while (*)
  invariant {:yields}{:layer 1}{:yield_loop "Inv"} true;
  {
    async call incdec();
  }
}

procedure {:yields}{:layer 1}
{:yield_preserves "Inv"}
incdec()
{
  call geq0_inc();
  call geq0_dec();
}

procedure {:right}{:layer 1} GEQ0_INC ()
modifies x;
{
  assert x >= 0;
  x := x + 1;
}

procedure {:atomic}{:layer 1} GEQ0_DEC ()
modifies x;
{
  assert x >= 0;
  x := x - 1;
}

procedure {:yields}{:layer 0}{:refines "GEQ0_INC"} geq0_inc ();
procedure {:yields}{:layer 0}{:refines "GEQ0_DEC"} geq0_dec ();
