---
source: crates/bpl/tests/test.rs
expression: snapshot_report
---
[Parsed]
[
    Const(
        ConstDecl {
            attrs: [],
            is_unique: false,
            consts: TypedIdents {
                idents: [
                    "GcTid",
                ],
                type_: Atom(
                    Int,
                ),
            },
            order_spec: None,
        },
    ),
    Type(
        TypeDecls {
            attrs: [
                Attr(
                    AttrContent {
                        ident: "linear",
                        params: [
                            String(
                                StringLit {
                                    text: "tid",
                                },
                            ),
                        ],
                    },
                ),
            ],
            decls: [
                TypeDecl {
                    ident: "X",
                    type_params: [],
                    type_: Some(
                        Atom(
                            Int,
                        ),
                    ),
                },
            ],
        },
    ),
    Proc(
        ProcDecl {
            proc_sign: ProcSign {
                attrs: [
                    Attr(
                        AttrContent {
                            ident: "yields",
                            params: [],
                        },
                    ),
                    Attr(
                        AttrContent {
                            ident: "layer",
                            params: [
                                Expr(
                                    Nat(
                                        "100",
                                    ),
                                ),
                            ],
                        },
                    ),
                ],
                ident: "Initialize",
                type_params: [],
                var_params: [
                    AttrTypedIdentsWhere {
                        attrs: [
                            Attr(
                                AttrContent {
                                    ident: "linear",
                                    params: [
                                        String(
                                            StringLit {
                                                text: "tid",
                                            },
                                        ),
                                    ],
                                },
                            ),
                        ],
                        typed_idents_where: TypedIdentsWhere {
                            typed_idents: TypedIdents {
                                idents: [
                                    "tid",
                                ],
                                type_: Atom(
                                    Int,
                                ),
                            },
                            where_: None,
                        },
                    },
                ],
                returns: [],
            },
            specs: [
                Contract(
                    ContractSpec {
                        kind: Requires,
                        attrs: [
                            Attr(
                                AttrContent {
                                    ident: "layer",
                                    params: [
                                        Expr(
                                            Nat(
                                                "100",
                                            ),
                                        ),
                                    ],
                                },
                            ),
                        ],
                        proposition: Rel(
                            RelExpr {
                                lhs: Var(
                                    "tid",
                                ),
                                op: Eq,
                                rhs: Var(
                                    "GcTid",
                                ),
                            },
                        ),
                        is_free: false,
                    },
                ),
            ],
            impl_body: Some(
                ImplBody {
                    local_vars: [],
                    stmt_list: [
                        LabelOrCmd(
                            Yield(
                                YieldCmd,
                            ),
                        ),
                        LabelOrCmd(
                            Claim(
                                ClaimCmd {
                                    kind: Assert,
                                    attrs: [
                                        Attr(
                                            AttrContent {
                                                ident: "layer",
                                                params: [
                                                    Expr(
                                                        Nat(
                                                            "100",
                                                        ),
                                                    ),
                                                ],
                                            },
                                        ),
                                    ],
                                    proposition: Rel(
                                        RelExpr {
                                            lhs: Var(
                                                "tid",
                                            ),
                                            op: Eq,
                                            rhs: Var(
                                                "GcTid",
                                            ),
                                        },
                                    ),
                                },
                            ),
                        ),
                        LabelOrCmd(
                            Call(
                                CallCmd {
                                    attrs: [],
                                    call_params: CallParams {
                                        returns: [],
                                        target: "GarbageCollect",
                                        params: [
                                            Var(
                                                "tid",
                                            ),
                                        ],
                                    },
                                    is_async: false,
                                    is_free: false,
                                },
                            ),
                        ),
                        LabelOrCmd(
                            Yield(
                                YieldCmd,
                            ),
                        ),
                        LabelOrCmd(
                            Claim(
                                ClaimCmd {
                                    kind: Assert,
                                    attrs: [
                                        Attr(
                                            AttrContent {
                                                ident: "layer",
                                                params: [
                                                    Expr(
                                                        Nat(
                                                            "100",
                                                        ),
                                                    ),
                                                ],
                                            },
                                        ),
                                    ],
                                    proposition: Rel(
                                        RelExpr {
                                            lhs: Var(
                                                "tid",
                                            ),
                                            op: Eq,
                                            rhs: Var(
                                                "GcTid",
                                            ),
                                        },
                                    ),
                                },
                            ),
                        ),
                        LabelOrCmd(
                            Call(
                                CallCmd {
                                    attrs: [],
                                    call_params: CallParams {
                                        returns: [],
                                        target: "GarbageCollect",
                                        params: [
                                            Var(
                                                "tid",
                                            ),
                                        ],
                                    },
                                    is_async: true,
                                    is_free: false,
                                },
                            ),
                        ),
                        LabelOrCmd(
                            Yield(
                                YieldCmd,
                            ),
                        ),
                        LabelOrCmd(
                            Claim(
                                ClaimCmd {
                                    kind: Assert,
                                    attrs: [
                                        Attr(
                                            AttrContent {
                                                ident: "layer",
                                                params: [
                                                    Expr(
                                                        Nat(
                                                            "100",
                                                        ),
                                                    ),
                                                ],
                                            },
                                        ),
                                    ],
                                    proposition: Rel(
                                        RelExpr {
                                            lhs: Var(
                                                "tid",
                                            ),
                                            op: Eq,
                                            rhs: Var(
                                                "GcTid",
                                            ),
                                        },
                                    ),
                                },
                            ),
                        ),
                        LabelOrCmd(
                            Call(
                                CallCmd {
                                    attrs: [],
                                    call_params: CallParams {
                                        returns: [],
                                        target: "GarbageCollect",
                                        params: [
                                            Var(
                                                "tid",
                                            ),
                                        ],
                                    },
                                    is_async: true,
                                    is_free: false,
                                },
                            ),
                        ),
                        LabelOrCmd(
                            Yield(
                                YieldCmd,
                            ),
                        ),
                        LabelOrCmd(
                            Claim(
                                ClaimCmd {
                                    kind: Assert,
                                    attrs: [
                                        Attr(
                                            AttrContent {
                                                ident: "layer",
                                                params: [
                                                    Expr(
                                                        Nat(
                                                            "100",
                                                        ),
                                                    ),
                                                ],
                                            },
                                        ),
                                    ],
                                    proposition: Rel(
                                        RelExpr {
                                            lhs: Var(
                                                "tid",
                                            ),
                                            op: Eq,
                                            rhs: Var(
                                                "GcTid",
                                            ),
                                        },
                                    ),
                                },
                            ),
                        ),
                        LabelOrCmd(
                            Yield(
                                YieldCmd,
                            ),
                        ),
                        LabelOrCmd(
                            Claim(
                                ClaimCmd {
                                    kind: Assert,
                                    attrs: [
                                        Attr(
                                            AttrContent {
                                                ident: "layer",
                                                params: [
                                                    Expr(
                                                        Nat(
                                                            "100",
                                                        ),
                                                    ),
                                                ],
                                            },
                                        ),
                                    ],
                                    proposition: Rel(
                                        RelExpr {
                                            lhs: Var(
                                                "tid",
                                            ),
                                            op: Eq,
                                            rhs: Var(
                                                "GcTid",
                                            ),
                                        },
                                    ),
                                },
                            ),
                        ),
                    ],
                },
            ),
        },
    ),
    Proc(
        ProcDecl {
            proc_sign: ProcSign {
                attrs: [
                    Attr(
                        AttrContent {
                            ident: "yields",
                            params: [],
                        },
                    ),
                    Attr(
                        AttrContent {
                            ident: "layer",
                            params: [
                                Expr(
                                    Nat(
                                        "100",
                                    ),
                                ),
                            ],
                        },
                    ),
                ],
                ident: "GarbageCollect",
                type_params: [],
                var_params: [
                    AttrTypedIdentsWhere {
                        attrs: [
                            Attr(
                                AttrContent {
                                    ident: "linear",
                                    params: [
                                        String(
                                            StringLit {
                                                text: "tid",
                                            },
                                        ),
                                    ],
                                },
                            ),
                        ],
                        typed_idents_where: TypedIdentsWhere {
                            typed_idents: TypedIdents {
                                idents: [
                                    "tid",
                                ],
                                type_: Atom(
                                    Int,
                                ),
                            },
                            where_: None,
                        },
                    },
                ],
                returns: [],
            },
            specs: [
                Contract(
                    ContractSpec {
                        kind: Requires,
                        attrs: [
                            Attr(
                                AttrContent {
                                    ident: "layer",
                                    params: [
                                        Expr(
                                            Nat(
                                                "100",
                                            ),
                                        ),
                                    ],
                                },
                            ),
                        ],
                        proposition: Rel(
                            RelExpr {
                                lhs: Var(
                                    "tid",
                                ),
                                op: Eq,
                                rhs: Var(
                                    "GcTid",
                                ),
                            },
                        ),
                        is_free: false,
                    },
                ),
            ],
            impl_body: Some(
                ImplBody {
                    local_vars: [],
                    stmt_list: [
                        LabelOrCmd(
                            Yield(
                                YieldCmd,
                            ),
                        ),
                        LabelOrCmd(
                            Claim(
                                ClaimCmd {
                                    kind: Assert,
                                    attrs: [
                                        Attr(
                                            AttrContent {
                                                ident: "layer",
                                                params: [
                                                    Expr(
                                                        Nat(
                                                            "100",
                                                        ),
                                                    ),
                                                ],
                                            },
                                        ),
                                    ],
                                    proposition: Rel(
                                        RelExpr {
                                            lhs: Var(
                                                "tid",
                                            ),
                                            op: Eq,
                                            rhs: Var(
                                                "GcTid",
                                            ),
                                        },
                                    ),
                                },
                            ),
                        ),
                    ],
                },
            ),
        },
    ),
]

[Printed]
const GcTid: int;

type {:linear "tid"} X = int;

procedure {:yields} {:layer 100} Initialize({:linear "tid"} tid: int)
  requires {:layer 100} tid == GcTid;
{
  yield;
  assert {:layer 100} tid == GcTid;
  call GarbageCollect(tid);
  yield;
  assert {:layer 100} tid == GcTid;
  async call GarbageCollect(tid);
  yield;
  assert {:layer 100} tid == GcTid;
  async call GarbageCollect(tid);
  yield;
  assert {:layer 100} tid == GcTid;
  yield;
  assert {:layer 100} tid == GcTid;
}

procedure {:yields} {:layer 100} GarbageCollect({:linear "tid"} tid: int)
  requires {:layer 100} tid == GcTid;
{
  yield;
  assert {:layer 100} tid == GcTid;
}

[Input - ../../vendor/boogie/Test/civl/linear/async-bug.bpl]
// RUN: %boogie "%s" > "%t"
// RUN: %diff "%s.expect" "%t"




const GcTid:int;

type {:linear "tid"} X = int;

procedure {:yields} {:layer 100} Initialize({:linear "tid"} tid:int)
requires{:layer 100} tid == GcTid;
{
    yield;
    assert{:layer 100} tid == GcTid;

    call GarbageCollect(tid);

    yield;
    assert{:layer 100} tid == GcTid;

    async call GarbageCollect(tid);

    yield;
    assert{:layer 100} tid == GcTid;

    async call GarbageCollect(tid);

    yield;
    assert{:layer 100} tid == GcTid;

    yield;
    assert{:layer 100} tid == GcTid;
}

procedure {:yields} {:layer 100} GarbageCollect({:linear "tid"} tid:int)
requires{:layer 100} tid == GcTid;
{
    yield;
    assert{:layer 100} tid == GcTid;
}
