---
source: crates/bpl/tests/test.rs
expression: snapshot_report
---
[Parsed]
[
    Type(
        TypeDecls {
            attrs: [],
            decls: [
                TypeDecl {
                    ident: "C",
                    type_params: [
                        "_",
                    ],
                    type_: None,
                },
            ],
        },
    ),
    Func(
        FuncDecl {
            attrs: [],
            ident: "f",
            type_params: [
                "a",
            ],
            var_params: [
                VarOrType {
                    attrs: [],
                    var: None,
                    type_: App(
                        TypeApp {
                            head: "C",
                            tail: Some(
                                App(
                                    TypeApp {
                                        head: "a",
                                        tail: None,
                                    },
                                ),
                            ),
                        },
                    ),
                },
            ],
            returns: VarOrType {
                attrs: [],
                var: None,
                type_: Atom(
                    Int,
                ),
            },
            body: None,
        },
    ),
    Axiom(
        AxiomDecl {
            attrs: [],
            proposition: Quant(
                QuantExpr {
                    kind: ForAll,
                    body: QuantBody {
                        type_params: [],
                        bound_vars: [
                            AttrTypedIdentsWhere {
                                attrs: [],
                                typed_idents_where: TypedIdentsWhere {
                                    typed_idents: TypedIdents {
                                        idents: [
                                            "x",
                                        ],
                                        type_: App(
                                            TypeApp {
                                                head: "C",
                                                tail: Some(
                                                    AtomApp(
                                                        TypeApp {
                                                            head: Int,
                                                            tail: None,
                                                        },
                                                    ),
                                                ),
                                            },
                                        ),
                                    },
                                    where_: None,
                                },
                            },
                        ],
                        attrs: [],
                        expr: Rel(
                            RelExpr {
                                lhs: FuncCall(
                                    FuncCall {
                                        target: "f",
                                        args: [
                                            Var(
                                                "x",
                                            ),
                                        ],
                                    },
                                ),
                                op: Eq,
                                rhs: Nat(
                                    "3",
                                ),
                            },
                        ),
                    },
                },
            ),
        },
    ),
    Axiom(
        AxiomDecl {
            attrs: [],
            proposition: Quant(
                QuantExpr {
                    kind: ForAll,
                    body: QuantBody {
                        type_params: [],
                        bound_vars: [
                            AttrTypedIdentsWhere {
                                attrs: [],
                                typed_idents_where: TypedIdentsWhere {
                                    typed_idents: TypedIdents {
                                        idents: [
                                            "x",
                                        ],
                                        type_: App(
                                            TypeApp {
                                                head: "C",
                                                tail: Some(
                                                    AtomApp(
                                                        TypeApp {
                                                            head: Bool,
                                                            tail: None,
                                                        },
                                                    ),
                                                ),
                                            },
                                        ),
                                    },
                                    where_: None,
                                },
                            },
                        ],
                        attrs: [],
                        expr: Rel(
                            RelExpr {
                                lhs: FuncCall(
                                    FuncCall {
                                        target: "f",
                                        args: [
                                            Var(
                                                "x",
                                            ),
                                        ],
                                    },
                                ),
                                op: Eq,
                                rhs: Nat(
                                    "7",
                                ),
                            },
                        ),
                    },
                },
            ),
        },
    ),
    Proc(
        ProcDecl {
            proc_sign: ProcSign {
                attrs: [],
                ident: "P",
                type_params: [],
                var_params: [],
                returns: [],
            },
            specs: [],
            impl_body: Some(
                ImplBody {
                    local_vars: [
                        LocalVars {
                            attrs: [],
                            vars: [
                                TypedIdentsWhere {
                                    typed_idents: TypedIdents {
                                        idents: [
                                            "a",
                                        ],
                                        type_: App(
                                            TypeApp {
                                                head: "C",
                                                tail: Some(
                                                    AtomApp(
                                                        TypeApp {
                                                            head: Int,
                                                            tail: None,
                                                        },
                                                    ),
                                                ),
                                            },
                                        ),
                                    },
                                    where_: None,
                                },
                                TypedIdentsWhere {
                                    typed_idents: TypedIdents {
                                        idents: [
                                            "b",
                                        ],
                                        type_: App(
                                            TypeApp {
                                                head: "C",
                                                tail: Some(
                                                    AtomApp(
                                                        TypeApp {
                                                            head: Bool,
                                                            tail: None,
                                                        },
                                                    ),
                                                ),
                                            },
                                        ),
                                    },
                                    where_: None,
                                },
                                TypedIdentsWhere {
                                    typed_idents: TypedIdents {
                                        idents: [
                                            "c",
                                        ],
                                        type_: App(
                                            TypeApp {
                                                head: "C",
                                                tail: Some(
                                                    App(
                                                        TypeApp {
                                                            head: "ref",
                                                            tail: None,
                                                        },
                                                    ),
                                                ),
                                            },
                                        ),
                                    },
                                    where_: None,
                                },
                            ],
                        },
                    ],
                    stmt_list: [
                        LabelOrCmd(
                            Label(
                                Label {
                                    ident: "start",
                                },
                            ),
                        ),
                        LabelOrCmd(
                            Claim(
                                ClaimCmd {
                                    kind: Assert,
                                    attrs: [],
                                    proposition: Rel(
                                        RelExpr {
                                            lhs: FuncCall(
                                                FuncCall {
                                                    target: "f",
                                                    args: [
                                                        Var(
                                                            "a",
                                                        ),
                                                    ],
                                                },
                                            ),
                                            op: Eq,
                                            rhs: Nat(
                                                "3",
                                            ),
                                        },
                                    ),
                                },
                            ),
                        ),
                        LabelOrCmd(
                            Claim(
                                ClaimCmd {
                                    kind: Assert,
                                    attrs: [],
                                    proposition: Rel(
                                        RelExpr {
                                            lhs: FuncCall(
                                                FuncCall {
                                                    target: "f",
                                                    args: [
                                                        Var(
                                                            "b",
                                                        ),
                                                    ],
                                                },
                                            ),
                                            op: Eq,
                                            rhs: Nat(
                                                "7",
                                            ),
                                        },
                                    ),
                                },
                            ),
                        ),
                        LabelOrCmd(
                            Claim(
                                ClaimCmd {
                                    kind: Assert,
                                    attrs: [],
                                    proposition: Rel(
                                        RelExpr {
                                            lhs: FuncCall(
                                                FuncCall {
                                                    target: "f",
                                                    args: [
                                                        Var(
                                                            "b",
                                                        ),
                                                    ],
                                                },
                                            ),
                                            op: Eq,
                                            rhs: Nat(
                                                "8",
                                            ),
                                        },
                                    ),
                                },
                            ),
                        ),
                    ],
                },
            ),
        },
    ),
    Proc(
        ProcDecl {
            proc_sign: ProcSign {
                attrs: [],
                ident: "Q",
                type_params: [],
                var_params: [],
                returns: [],
            },
            specs: [],
            impl_body: Some(
                ImplBody {
                    local_vars: [
                        LocalVars {
                            attrs: [],
                            vars: [
                                TypedIdentsWhere {
                                    typed_idents: TypedIdents {
                                        idents: [
                                            "c",
                                        ],
                                        type_: App(
                                            TypeApp {
                                                head: "C",
                                                tail: Some(
                                                    App(
                                                        TypeApp {
                                                            head: "ref",
                                                            tail: None,
                                                        },
                                                    ),
                                                ),
                                            },
                                        ),
                                    },
                                    where_: None,
                                },
                            ],
                        },
                    ],
                    stmt_list: [
                        LabelOrCmd(
                            Label(
                                Label {
                                    ident: "start",
                                },
                            ),
                        ),
                        LabelOrCmd(
                            Claim(
                                ClaimCmd {
                                    kind: Assert,
                                    attrs: [],
                                    proposition: Rel(
                                        RelExpr {
                                            lhs: FuncCall(
                                                FuncCall {
                                                    target: "f",
                                                    args: [
                                                        Var(
                                                            "c",
                                                        ),
                                                    ],
                                                },
                                            ),
                                            op: Eq,
                                            rhs: Nat(
                                                "7",
                                            ),
                                        },
                                    ),
                                },
                            ),
                        ),
                    ],
                },
            ),
        },
    ),
    Proc(
        ProcDecl {
            proc_sign: ProcSign {
                attrs: [],
                ident: "R",
                type_params: [
                    "a",
                ],
                var_params: [
                    AttrTypedIdentsWhere {
                        attrs: [],
                        typed_idents_where: TypedIdentsWhere {
                            typed_idents: TypedIdents {
                                idents: [
                                    "c",
                                ],
                                type_: App(
                                    TypeApp {
                                        head: "C",
                                        tail: Some(
                                            App(
                                                TypeApp {
                                                    head: "a",
                                                    tail: None,
                                                },
                                            ),
                                        ),
                                    },
                                ),
                            },
                            where_: None,
                        },
                    },
                ],
                returns: [],
            },
            specs: [],
            impl_body: Some(
                ImplBody {
                    local_vars: [],
                    stmt_list: [
                        LabelOrCmd(
                            Label(
                                Label {
                                    ident: "start",
                                },
                            ),
                        ),
                        LabelOrCmd(
                            Claim(
                                ClaimCmd {
                                    kind: Assert,
                                    attrs: [],
                                    proposition: Rel(
                                        RelExpr {
                                            lhs: FuncCall(
                                                FuncCall {
                                                    target: "f",
                                                    args: [
                                                        Var(
                                                            "c",
                                                        ),
                                                    ],
                                                },
                                            ),
                                            op: Eq,
                                            rhs: Nat(
                                                "7",
                                            ),
                                        },
                                    ),
                                },
                            ),
                        ),
                    ],
                },
            ),
        },
    ),
    Type(
        TypeDecls {
            attrs: [],
            decls: [
                TypeDecl {
                    ident: "ref",
                    type_params: [],
                    type_: None,
                },
            ],
        },
    ),
]

[Printed]
type C _;

function f<a>(C a): int;

axiom (forall x: C int :: f(x) == 3);

axiom (forall x: C bool :: f(x) == 7);

procedure P() {
  var a: C int, b: C bool, c: C ref;

  start:
  assert f(a) == 3;
  assert f(b) == 7;
  assert f(b) == 8;
}

procedure Q() {
  var c: C ref;

  start:
  assert f(c) == 7;
}

procedure R<a>(c: C a) {
  start:
  assert f(c) == 7;
}

type ref;

[Input - ../../vendor/boogie/Test/test21/DisjointDomains.bpl]
// RUN: %boogie -typeEncoding:p -logPrefix:0p "%s" > "%t"
// RUN: %diff "%s.p.expect" "%t"
// RUN: %boogie -typeEncoding:a -logPrefix:0a "%s" > "%t"
// RUN: %diff "%s.a.expect" "%t"
type C _;

function f<a>(C a) returns (int);

axiom (forall x : C int :: f(x) == 3);
axiom (forall x : C bool :: f(x) == 7);

procedure P() returns () {
  var a : C int, b : C bool, c : C ref;

  start:
    assert f(a) == 3;
    assert f(b) == 7;
    assert f(b) == 8;      // should not be provable
}

procedure Q() returns () {
  var c : C ref;

  start:
    assert f(c) == 7;      // should not be provable
}

procedure R<a>(c : C a) returns () {

  start:
    assert f(c) == 7;      // should not be provable
}

type ref;
